   -43.2    -6.4    -3.5     2.1     3.6
     4.5    23.3    32.3      43    64.3
