  -79.71  -50.08  -49.18  -42.57  -30.18
    4.37   31.37   46.21   51.74   80.09
