  -91.35  -66.59  -66.35  -61.95  -40.28
  -37.31   -33.7  -25.34  -10.48   73.76
