  -93.63   -90.1  -69.19   -6.34   25.13
    37.9   54.35   64.07    70.6    93.7
