  -76.64  -72.69  -49.98  -47.73     -26
  -25.17    4.61   23.75   72.44      95
